// Jest Snapshot v1, https://goo.gl/fbAQLP

exports[`Verify OpenLoopModal Test the render method 1`] = `ShallowWrapper {}`;
